// Jest Snapshot v1, https://goo.gl/fbAQLP

exports[`Pruebas en el componente HomeScreen Debe mostrarse correctamente 1`] = `
<div>
  <h1>
    Home Screen
  </h1>
  <hr />
  <pre>
    {
   "name": "Martin",
   "email": "martin@gmail.com"
}
  </pre>
</div>
`;
